
Initializing Roboflow Inference Client...

Evaluating all 138 images...
------------------------------------------------------------
[1/138] Processing: cach-khac-phuc-nut-gai-sau-rieng-toan-dien-1-1-__saturate_up_png_png.rf.ca0b1a0c587d9e976cb19710261de9e3.jpg
  Expected classes: ['thorn_split']
  [Debug] Saved raw workflow response to debug_workflow_response.json
  Hit: True
  Hit Classes: ['thorn_split']
  API Runtime: 12.861 seconds
  Predictions: thorn_split (0.91), thorn_split (0.77), thorn_split (0.77), thorn_split (0.57)
  Saved visualization: /Users/iminluv/Documents/New project/output_images/annotated_cach-khac-phuc-nut-gai-sau-rieng-toan-dien-1-1-__saturate_up_png_png.rf.ca0b1a0c587d9e976cb19710261de9e3.jpg
------------------------------------------------------------
[2/138] Processing: rotated90_fugus_durian10_jpg.rf.b5c0338a1946f09bd3d19d0383d2592f.jpg
  Expected classes: ['fungus']
  Hit: True
  Hit Classes: ['fungus']
  API Runtime: 7.910 seconds
  Predictions: fungus (0.52), fungus (0.48)
  Saved visualization: /Users/iminluv/Documents/New project/output_images/annotated_rotated90_fugus_durian10_jpg.rf.b5c0338a1946f09bd3d19d0383d2592f.jpg
------------------------------------------------------------
[3/138] Processing: fugus_durian23_jpg.rf.ff0afbe9fa867f6a5415a263d9bbf422.jpg
  Expected classes: ['fungus']
  Hit: True
  Hit Classes: ['fungus']
  API Runtime: 0.808 seconds
  Predictions: fungus (0.87)
  Saved visualization: /Users/iminluv/Documents/New project/output_images/annotated_fugus_durian23_jpg.rf.ff0afbe9fa867f6a5415a263d9bbf422.jpg
------------------------------------------------------------
[4/138] Processing: nut-gai-sr-e1713146847661-1000x565__gamma_flip_jpg.rf.610c98906cd4b2fcc8ca4dbf08fbaba8.jpg
  Expected classes: ['thorn_split']
  Hit: True
  Hit Classes: ['thorn_split']
  API Runtime: 1.174 seconds
  Predictions: thorn_split (0.96), thorn_split (0.95), thorn_split (0.94), thorn_split (0.90), thorn_split (0.81), thorn_split (0.53)
  Saved visualization: /Users/iminluv/Documents/New project/output_images/annotated_nut-gai-sr-e1713146847661-1000x565__gamma_flip_jpg.rf.610c98906cd4b2fcc8ca4dbf08fbaba8.jpg
------------------------------------------------------------
[5/138] Processing: image__sharpen_edge_png_png.rf.277056af38f840526be64bee3e54b32d.jpg
  Expected classes: ['thorn_split']
  Hit: True
  Hit Classes: ['thorn_split']
  API Runtime: 0.986 seconds
  Predictions: thorn_split (0.96), thorn_split (0.94), thorn_split (0.52)
  Saved visualization: /Users/iminluv/Documents/New project/output_images/annotated_image__sharpen_edge_png_png.rf.277056af38f840526be64bee3e54b32d.jpg
------------------------------------------------------------
[6/138] Processing: 3-s2-0-B9780128228456000099-f09-05-9780128228456_jpg.rf.5a564b3564152d265032d07e1e99c117.jpg
  Expected classes: ['crack']
  Hit: True
  Hit Classes: ['crack']
  API Runtime: 2.336 seconds
  Predictions: crack (0.94), crack (0.89)
  Saved visualization: /Users/iminluv/Documents/New project/output_images/annotated_3-s2-0-B9780128228456000099-f09-05-9780128228456_jpg.rf.5a564b3564152d265032d07e1e99c117.jpg
------------------------------------------------------------
[7/138] Processing: fugus_durian55_jpg.rf.379880fc95e1964a63f7fd7a312b431e.jpg
  Expected classes: ['dark_spot']
  Hit: True
  Hit Classes: ['dark_spot']
  API Runtime: 1.312 seconds
  Predictions: fungus (0.73), fungus (0.64)
  Saved visualization: /Users/iminluv/Documents/New project/output_images/annotated_fugus_durian55_jpg.rf.379880fc95e1964a63f7fd7a312b431e.jpg
------------------------------------------------------------
[8/138] Processing: AdobeStock_267183627_Preview-qd9m-Lp4F-transformed_jpeg_jpg.rf.fbb716cc7d8b65f531810bbcb90f3b54.jpg
  Expected classes: ['crack', 'fungus']
  Hit: False
  Hit Classes: ['crack']
  Missed Classes: ['fungus']
  API Runtime: 2.071 seconds
  Predictions: crack (0.65)
  Saved visualization: /Users/iminluv/Documents/New project/output_images/annotated_AdobeStock_267183627_Preview-qd9m-Lp4F-transformed_jpeg_jpg.rf.fbb716cc7d8b65f531810bbcb90f3b54.jpg
------------------------------------------------------------
[9/138] Processing: OIP__contrast_up_jpeg_jpeg.rf.68b1b2addb43dd3482ec003d296bd112.jpg
  Expected classes: ['dark_spot', 'fungus']
  Hit: True
  Hit Classes: ['dark_spot', 'fungus']
  API Runtime: 0.868 seconds
  Predictions: fungus (0.89), dark_spot (0.88)
  Saved visualization: /Users/iminluv/Documents/New project/output_images/annotated_OIP__contrast_up_jpeg_jpeg.rf.68b1b2addb43dd3482ec003d296bd112.jpg
------------------------------------------------------------
[10/138] Processing: images-2-_jpg.rf.45209127d67e0139ef27c4d14d5fa062.jpg
  Expected classes: ['dark_spot', 'fungus']
  Hit: False
  Hit Classes: []
  Missed Classes: ['dark_spot', 'fungus']
  API Runtime: 1.165 seconds
  Predictions: None
  Saved visualization: /Users/iminluv/Documents/New project/output_images/annotated_images-2-_jpg.rf.45209127d67e0139ef27c4d14d5fa062.jpg
------------------------------------------------------------
[11/138] Processing: fugus_durian50_jpg.rf.615280ed4ab206bdd71dc8ea8612d90e.jpg
  Expected classes: ['dark_spot', 'fungus']
  Hit: True
  Hit Classes: ['dark_spot', 'fungus']
  API Runtime: 0.743 seconds
  Predictions: fungus (0.86)
  Saved visualization: /Users/iminluv/Documents/New project/output_images/annotated_fugus_durian50_jpg.rf.615280ed4ab206bdd71dc8ea8612d90e.jpg
------------------------------------------------------------
[12/138] Processing: benh-thoi-trai-sau-rieng-3__flip_v_contrast_png_png.rf.07524057aad7fe21035e541622a000e0.jpg
  Expected classes: ['fungus']
  Hit: True
  Hit Classes: ['fungus']
  API Runtime: 0.809 seconds
  Predictions: fungus (0.95)
  Saved visualization: /Users/iminluv/Documents/New project/output_images/annotated_benh-thoi-trai-sau-rieng-3__flip_v_contrast_png_png.rf.07524057aad7fe21035e541622a000e0.jpg
------------------------------------------------------------
[13/138] Processing: 491925428_9619521618156943_4914526226572436238_n-768x1024__gamma_jpg.rf.bf5bf582898021f700f0d38b9baea59d.jpg
  Expected classes: ['thorn_split']
  Hit: True
  Hit Classes: ['thorn_split']
  API Runtime: 0.715 seconds
  Predictions: thorn_split (0.94), thorn_split (0.73)
  Saved visualization: /Users/iminluv/Documents/New project/output_images/annotated_491925428_9619521618156943_4914526226572436238_n-768x1024__gamma_jpg.rf.bf5bf582898021f700f0d38b9baea59d.jpg
------------------------------------------------------------
[14/138] Processing: rotated90_damage50_jpg.rf.29bdcc81d2417ce16c3f3900f3c105e0.jpg
  Expected classes: ['crack']
  Hit: True
  Hit Classes: ['crack']
  API Runtime: 0.675 seconds
  Predictions: crack (0.96)
  Saved visualization: /Users/iminluv/Documents/New project/output_images/annotated_rotated90_damage50_jpg.rf.29bdcc81d2417ce16c3f3900f3c105e0.jpg
------------------------------------------------------------
[15/138] Processing: rep-sap-hai-sau-rieng-1__rot180_jpg.rf.cd8f615c31012f24a8ea16de21150324.jpg
  Expected classes: ['fungus']
  Hit: True
  Hit Classes: ['fungus']
  API Runtime: 1.065 seconds
  Predictions: fungus (0.86)
  Saved visualization: /Users/iminluv/Documents/New project/output_images/annotated_rep-sap-hai-sau-rieng-1__rot180_jpg.rf.cd8f615c31012f24a8ea16de21150324.jpg
------------------------------------------------------------
[16/138] Processing: rotated270_damage47_jpg.rf.2bcb5158b40881f0144eeec8f5bcac6f.jpg
  Expected classes: ['crack']
  Hit: True
  Hit Classes: ['crack']
  API Runtime: 0.835 seconds
  Predictions: crack (0.89), crack (0.48), crack (0.44)
  Saved visualization: /Users/iminluv/Documents/New project/output_images/annotated_rotated270_damage47_jpg.rf.2bcb5158b40881f0144eeec8f5bcac6f.jpg
------------------------------------------------------------
[17/138] Processing: 3018__equalize_crop_png_png.rf.4237855da64293491d20643e2ece3ee3.jpg
  Expected classes: ['dark_spot']
  Hit: True
  Hit Classes: ['dark_spot']
  API Runtime: 0.713 seconds
  Predictions: dark_spot (0.94)
  Saved visualization: /Users/iminluv/Documents/New project/output_images/annotated_3018__equalize_crop_png_png.rf.4237855da64293491d20643e2ece3ee3.jpg
------------------------------------------------------------
[18/138] Processing: cach-khac-phuc-nut-gai-sau-rieng-toan-dien-1__equalize_png_png.rf.aeafc1b52edd31a707a452c6c9aa20af.jpg
  Expected classes: ['thorn_split']
  Hit: True
  Hit Classes: ['thorn_split']
  API Runtime: 0.612 seconds
  Predictions: thorn_split (0.94), thorn_split (0.94), thorn_split (0.77), thorn_split (0.66)
  Saved visualization: /Users/iminluv/Documents/New project/output_images/annotated_cach-khac-phuc-nut-gai-sau-rieng-toan-dien-1__equalize_png_png.rf.aeafc1b52edd31a707a452c6c9aa20af.jpg
------------------------------------------------------------
[19/138] Processing: rotated_fugus_durian05_jpg.rf.9e05166bd871354932ffcfad8b2e5444.jpg
  Expected classes: ['dark_spot', 'fungus']
  Hit: True
  Hit Classes: ['dark_spot', 'fungus']
  API Runtime: 1.026 seconds
  Predictions: dark_spot (0.94)
  Saved visualization: /Users/iminluv/Documents/New project/output_images/annotated_rotated_fugus_durian05_jpg.rf.9e05166bd871354932ffcfad8b2e5444.jpg
------------------------------------------------------------
[20/138] Processing: sauriengchin0-1-__crop_jpg.rf.25201a5342adcde1092aa7c4cdfdc89d.jpg
  Expected classes: ['crack']
  Hit: True
  Hit Classes: ['crack']
  API Runtime: 0.692 seconds
  Predictions: crack (0.91)
  Saved visualization: /Users/iminluv/Documents/New project/output_images/annotated_sauriengchin0-1-__crop_jpg.rf.25201a5342adcde1092aa7c4cdfdc89d.jpg
------------------------------------------------------------
[21/138] Processing: rotated_fugus_durian41_jpg.rf.56984959ae25ad799989829057f08888.jpg
  Expected classes: ['dark_spot']
  Hit: True
  Hit Classes: ['dark_spot']
  API Runtime: 1.026 seconds
  Predictions: dark_spot (0.87)
  Saved visualization: /Users/iminluv/Documents/New project/output_images/annotated_rotated_fugus_durian41_jpg.rf.56984959ae25ad799989829057f08888.jpg
------------------------------------------------------------
[22/138] Processing: nam-bo-hong-hai-sau-rieng-kimnonggoldstar-vn-1_original_jpg.rf.3cf7ad1a84af8e275cda8625e1c74311.jpg
  Expected classes: ['fungus']
  Hit: True
  Hit Classes: ['fungus']
  API Runtime: 0.672 seconds
  Predictions: fungus (0.91)
  Saved visualization: /Users/iminluv/Documents/New project/output_images/annotated_nam-bo-hong-hai-sau-rieng-kimnonggoldstar-vn-1_original_jpg.rf.3cf7ad1a84af8e275cda8625e1c74311.jpg
------------------------------------------------------------
[23/138] Processing: AdobeStock_267183591_Preview-transformed_jpeg_jpg.rf.a03893b4a6693dfce046a273d1305a03.jpg
  Expected classes: ['crack', 'fungus']
  Hit: True
  Hit Classes: ['crack', 'fungus']
  API Runtime: 1.094 seconds
  Predictions: crack (0.86), fungus (0.37)
  Saved visualization: /Users/iminluv/Documents/New project/output_images/annotated_AdobeStock_267183591_Preview-transformed_jpeg_jpg.rf.a03893b4a6693dfce046a273d1305a03.jpg
------------------------------------------------------------
[24/138] Processing: 1000_F_357625408_7FMEI8kXqWIvKDMgP0ODqWJXis3VnOBl-transformed_jpeg_jpg.rf.88b2f8780cdae32a3edc34472c4a4d3c.jpg
  Expected classes: ['crack']
  Hit: True
  Hit Classes: ['crack']
  API Runtime: 0.902 seconds
  Predictions: crack (0.66), crack (0.57)
  Saved visualization: /Users/iminluv/Documents/New project/output_images/annotated_1000_F_357625408_7FMEI8kXqWIvKDMgP0ODqWJXis3VnOBl-transformed_jpeg_jpg.rf.88b2f8780cdae32a3edc34472c4a4d3c.jpg
------------------------------------------------------------
[25/138] Processing: rotated270_damage12_jpg.rf.75a04efe5cf61a9f14c11b96d142a4ca.jpg
  Expected classes: ['crack']
  Hit: True
  Hit Classes: ['crack']
  API Runtime: 0.817 seconds
  Predictions: crack (0.94)
  Saved visualization: /Users/iminluv/Documents/New project/output_images/annotated_rotated270_damage12_jpg.rf.75a04efe5cf61a9f14c11b96d142a4ca.jpg
------------------------------------------------------------
[26/138] Processing: rotated_damage47_jpg.rf.57550601a095cb26416d0fae8ac90139.jpg
  Expected classes: ['crack']
  Hit: True
  Hit Classes: ['crack']
  API Runtime: 0.726 seconds
  Predictions: crack (0.88), crack (0.49)
  Saved visualization: /Users/iminluv/Documents/New project/output_images/annotated_rotated_damage47_jpg.rf.57550601a095cb26416d0fae8ac90139.jpg
------------------------------------------------------------
[27/138] Processing: maxresdefault__sharpen_jpg.rf.d6b686a5c1918969430b3bb1a8b13aca.jpg
  Expected classes: ['thorn_split']
  Hit: True
  Hit Classes: ['thorn_split']
  API Runtime: 1.010 seconds
  Predictions: thorn_split (0.91), thorn_split (0.85)
  Saved visualization: /Users/iminluv/Documents/New project/output_images/annotated_maxresdefault__sharpen_jpg.rf.d6b686a5c1918969430b3bb1a8b13aca.jpg
------------------------------------------------------------
[28/138] Processing: rotated270_damage10_jpg.rf.ee6ccb71df88c681ffd122782ecc1206.jpg
  Expected classes: ['crack']
  Hit: True
  Hit Classes: ['crack']
  API Runtime: 0.919 seconds
  Predictions: crack (0.94), crack (0.75)
  Saved visualization: /Users/iminluv/Documents/New project/output_images/annotated_rotated270_damage10_jpg.rf.ee6ccb71df88c681ffd122782ecc1206.jpg
------------------------------------------------------------
[29/138] Processing: stock-photo-close-up-of-durian-fruit-showing-texture-of-thorns-and-rind-1723930861__cutout_jitter_jpg.rf.a3f446f23c5c5feba93f752be61fad59.jpg
  Expected classes: ['thorn_split']
  Hit: True
  Hit Classes: ['thorn_split']
  API Runtime: 0.915 seconds
  Predictions: thorn_split (0.96)
  Saved visualization: /Users/iminluv/Documents/New project/output_images/annotated_stock-photo-close-up-of-durian-fruit-showing-texture-of-thorns-and-rind-1723930861__cutout_jitter_jpg.rf.a3f446f23c5c5feba93f752be61fad59.jpg
------------------------------------------------------------
[30/138] Processing: rotated_fugus_durian19_jpg.rf.1fb069b6b2356b03e443d5a249241e0f.jpg
  Expected classes: ['dark_spot']
  Hit: True
  Hit Classes: ['dark_spot']
  API Runtime: 0.714 seconds
  Predictions: fungus (0.36)
  Saved visualization: /Users/iminluv/Documents/New project/output_images/annotated_rotated_fugus_durian19_jpg.rf.1fb069b6b2356b03e443d5a249241e0f.jpg
------------------------------------------------------------
[31/138] Processing: rotated90_damage35_jpg.rf.9c3fb24d6657b6d9b38ec2dafcbd5f64.jpg
  Expected classes: ['crack']
  Hit: True
  Hit Classes: ['crack']
  API Runtime: 0.750 seconds
  Predictions: crack (0.83), crack (0.47)
  Saved visualization: /Users/iminluv/Documents/New project/output_images/annotated_rotated90_damage35_jpg.rf.9c3fb24d6657b6d9b38ec2dafcbd5f64.jpg
------------------------------------------------------------
[32/138] Processing: rotated270_damage02_jpg.rf.581de8e30d7c3f5a30f21df5bcf80c82.jpg
  Expected classes: ['crack']
  Hit: True
  Hit Classes: ['crack']
  API Runtime: 1.087 seconds
  Predictions: crack (0.92), crack (0.92), crack (0.91), crack (0.91)
  Saved visualization: /Users/iminluv/Documents/New project/output_images/annotated_rotated270_damage02_jpg.rf.581de8e30d7c3f5a30f21df5bcf80c82.jpg
------------------------------------------------------------
[33/138] Processing: rotated_damage11_jpg.rf.328c83158a7d75caf54b81b5bfa138e2.jpg
  Expected classes: ['crack']
  Hit: True
  Hit Classes: ['crack']
  API Runtime: 1.132 seconds
  Predictions: crack (0.95)
  Saved visualization: /Users/iminluv/Documents/New project/output_images/annotated_rotated_damage11_jpg.rf.328c83158a7d75caf54b81b5bfa138e2.jpg
------------------------------------------------------------
[34/138] Processing: rotated270_damage32_jpg.rf.84d04aa1c9d4f66706d92559fa922679.jpg
  Expected classes: ['crack']
  Hit: True
  Hit Classes: ['crack']
  API Runtime: 0.586 seconds
  Predictions: crack (0.92), crack (0.89)
  Saved visualization: /Users/iminluv/Documents/New project/output_images/annotated_rotated270_damage32_jpg.rf.84d04aa1c9d4f66706d92559fa922679.jpg
------------------------------------------------------------
[35/138] Processing: JKBJKKJ_jpeg_jpg.rf.140122a34d22d65c77f34d8c4d2068d0.jpg
  Expected classes: ['dark_spot']
  Hit: True
  Hit Classes: ['dark_spot']
  API Runtime: 0.950 seconds
  Predictions: dark_spot (0.91)
  Saved visualization: /Users/iminluv/Documents/New project/output_images/annotated_JKBJKKJ_jpeg_jpg.rf.140122a34d22d65c77f34d8c4d2068d0.jpg
------------------------------------------------------------
[36/138] Processing: damage18_jpg.rf.ee457d6ffd320e336ee203dbbbfadaca.jpg
  Expected classes: ['crack']
  Hit: True
  Hit Classes: ['crack']
  API Runtime: 0.770 seconds
  Predictions: crack (0.93), crack (0.45)
  Saved visualization: /Users/iminluv/Documents/New project/output_images/annotated_damage18_jpg.rf.ee457d6ffd320e336ee203dbbbfadaca.jpg
------------------------------------------------------------
[37/138] Processing: maxresdefault__flip_h_bright_jpg.rf.89794b2518bd80a0ef7458e74d8d478d.jpg
  Expected classes: ['fungus']
  Hit: True
  Hit Classes: ['fungus']
  API Runtime: 0.654 seconds
  Predictions: fungus (0.88)
  Saved visualization: /Users/iminluv/Documents/New project/output_images/annotated_maxresdefault__flip_h_bright_jpg.rf.89794b2518bd80a0ef7458e74d8d478d.jpg
------------------------------------------------------------
[38/138] Processing: rotated270_damage39_jpg.rf.dbf94f995e003929493f83b9a14a021f.jpg
  Expected classes: ['crack']
  Hit: True
  Hit Classes: ['crack']
  API Runtime: 0.716 seconds
  Predictions: crack (0.93)
  Saved visualization: /Users/iminluv/Documents/New project/output_images/annotated_rotated270_damage39_jpg.rf.dbf94f995e003929493f83b9a14a021f.jpg
------------------------------------------------------------
[39/138] Processing: 24-10-2023_DSLR_CLASS3_22_JPG_jpg.rf.2dfbb501472a35788bfafd8b60447053.jpg
  Expected classes: ['dark_spot', 'fungus']
  Hit: True
  Hit Classes: ['dark_spot', 'fungus']
  API Runtime: 0.814 seconds
  Predictions: dark_spot (0.91)
  Saved visualization: /Users/iminluv/Documents/New project/output_images/annotated_24-10-2023_DSLR_CLASS3_22_JPG_jpg.rf.2dfbb501472a35788bfafd8b60447053.jpg
------------------------------------------------------------
[40/138] Processing: 6806696382_51019a983a_b_jpg.rf.cc9ecaf7191a62fbce40a3a57ac8ea0c.jpg
  Expected classes: ['crack']
  Hit: True
  Hit Classes: ['crack']
  API Runtime: 1.036 seconds
  Predictions: crack (0.94), crack (0.91)
  Saved visualization: /Users/iminluv/Documents/New project/output_images/annotated_6806696382_51019a983a_b_jpg.rf.cc9ecaf7191a62fbce40a3a57ac8ea0c.jpg
------------------------------------------------------------
[41/138] Processing: rotated90_damage51_jpg.rf.dc8171ae5f7d4b6dc4dc0baa311e186e.jpg
  Expected classes: ['crack']
  Hit: True
  Hit Classes: ['crack']
  API Runtime: 0.702 seconds
  Predictions: crack (0.92)
  Saved visualization: /Users/iminluv/Documents/New project/output_images/annotated_rotated90_damage51_jpg.rf.dc8171ae5f7d4b6dc4dc0baa311e186e.jpg
------------------------------------------------------------
[42/138] Processing: unnamed-2-__rot90_noise_jpg.rf.fbe42e59c1a972e687ac45860d229f75.jpg
  Expected classes: ['crack']
  Hit: True
  Hit Classes: ['crack']
  API Runtime: 0.802 seconds
  Predictions: crack (0.93)
  Saved visualization: /Users/iminluv/Documents/New project/output_images/annotated_unnamed-2-__rot90_noise_jpg.rf.fbe42e59c1a972e687ac45860d229f75.jpg
------------------------------------------------------------
[43/138] Processing: rotated270_damage33_jpg.rf.b38482f4249832ce1c43298e5a3e64c9.jpg
  Expected classes: ['crack']
  Hit: True
  Hit Classes: ['crack']
  API Runtime: 0.652 seconds
  Predictions: crack (0.90)
  Saved visualization: /Users/iminluv/Documents/New project/output_images/annotated_rotated270_damage33_jpg.rf.b38482f4249832ce1c43298e5a3e64c9.jpg
------------------------------------------------------------
[44/138] Processing: Nut-trai-sr__perspective_jpg.rf.b7fb82cb63110a53e1c24ab6df9c6055.jpg
  Expected classes: ['crack']
  Hit: True
  Hit Classes: ['crack']
  API Runtime: 0.672 seconds
  Predictions: crack (0.90)
  Saved visualization: /Users/iminluv/Documents/New project/output_images/annotated_Nut-trai-sr__perspective_jpg.rf.b7fb82cb63110a53e1c24ab6df9c6055.jpg
------------------------------------------------------------
[45/138] Processing: fugus_durian09_jpg.rf.5085fe9dac19de8efe3cadb51a981ddb.jpg
  Expected classes: ['fungus']
  Hit: True
  Hit Classes: ['fungus']
  API Runtime: 0.689 seconds
  Predictions: fungus (0.95), fungus (0.86), fungus (0.25)
  Saved visualization: /Users/iminluv/Documents/New project/output_images/annotated_fugus_durian09_jpg.rf.5085fe9dac19de8efe3cadb51a981ddb.jpg
------------------------------------------------------------
[46/138] Processing: OIP-1-__rot90_noise_jpeg_jpeg.rf.56986de6f6b1a5bb2168339f27de7860.jpg
  Expected classes: ['fungus']
  Hit: True
  Hit Classes: ['fungus']
  API Runtime: 0.665 seconds
  Predictions: fungus (0.56), fungus (0.48)
  Saved visualization: /Users/iminluv/Documents/New project/output_images/annotated_OIP-1-__rot90_noise_jpeg_jpeg.rf.56986de6f6b1a5bb2168339f27de7860.jpg
------------------------------------------------------------
[47/138] Processing: Nut-trai-sr__noise_bright_jpg.rf.1c2d21891ac0fb79930d2ad22883ef36.jpg
  Expected classes: ['crack']
  Hit: True
  Hit Classes: ['crack']
  API Runtime: 0.870 seconds
  Predictions: crack (0.93)
  Saved visualization: /Users/iminluv/Documents/New project/output_images/annotated_Nut-trai-sr__noise_bright_jpg.rf.1c2d21891ac0fb79930d2ad22883ef36.jpg
------------------------------------------------------------
[48/138] Processing: sau-rieng-bi-nut-cuon-nut-trai_original_png_png.rf.89ddfcc9337db5da73f2b324e33c0597.jpg
  Expected classes: ['crack']
  Hit: True
  Hit Classes: ['crack']
  API Runtime: 1.044 seconds
  Predictions: crack (0.87), crack (0.69)
  Saved visualization: /Users/iminluv/Documents/New project/output_images/annotated_sau-rieng-bi-nut-cuon-nut-trai_original_png_png.rf.89ddfcc9337db5da73f2b324e33c0597.jpg
------------------------------------------------------------
[49/138] Processing: NUT-GAI-SAU-RIENG-NGUYEN-NHAN-DO-DAU__cutout_jpg.rf.697c3fafeae8eadf197226e3b9c3ae0e.jpg
  Expected classes: ['thorn_split']
  Hit: True
  Hit Classes: ['thorn_split']
  API Runtime: 0.744 seconds
  Predictions: thorn_split (0.78), thorn_split (0.70), thorn_split (0.63), thorn_split (0.62)
  Saved visualization: /Users/iminluv/Documents/New project/output_images/annotated_NUT-GAI-SAU-RIENG-NGUYEN-NHAN-DO-DAU__cutout_jpg.rf.697c3fafeae8eadf197226e3b9c3ae0e.jpg
------------------------------------------------------------
[50/138] Processing: image__noise_bright_png_png.rf.8ac873e5f512b0ffbd79dc0f43e50d0e.jpg
  Expected classes: ['thorn_split']
  Hit: True
  Hit Classes: ['thorn_split']
  API Runtime: 0.921 seconds
  Predictions: thorn_split (0.95), thorn_split (0.94)
  Saved visualization: /Users/iminluv/Documents/New project/output_images/annotated_image__noise_bright_png_png.rf.8ac873e5f512b0ffbd79dc0f43e50d0e.jpg
------------------------------------------------------------
[51/138] Processing: 24-10-2023_DSLR_CLASS3_06_JPG_jpg.rf.d80235ae010519674d04e4a7130f8f86.jpg
  Expected classes: ['fungus']
  Hit: True
  Hit Classes: ['fungus']
  API Runtime: 1.189 seconds
  Predictions: fungus (0.88)
  Saved visualization: /Users/iminluv/Documents/New project/output_images/annotated_24-10-2023_DSLR_CLASS3_06_JPG_jpg.rf.d80235ae010519674d04e4a7130f8f86.jpg
------------------------------------------------------------
[52/138] Processing: unnamed-2-__noise_bright_jpg.rf.f8931225ef70b4411b7def8710431c9e.jpg
  Expected classes: ['crack']
  Hit: True
  Hit Classes: ['crack']
  API Runtime: 0.670 seconds
  Predictions: crack (0.79)
  Saved visualization: /Users/iminluv/Documents/New project/output_images/annotated_unnamed-2-__noise_bright_jpg.rf.f8931225ef70b4411b7def8710431c9e.jpg
------------------------------------------------------------
[53/138] Processing: sau-rieng-nut-gai-1__flip_h_png_png.rf.70a2977e2f169fe886d0609dced6308b.jpg
  Expected classes: ['thorn_split']
  Hit: True
  Hit Classes: ['thorn_split']
  API Runtime: 0.692 seconds
  Predictions: thorn_split (0.78), thorn_split (0.70), thorn_split (0.60), thorn_split (0.54)
  Saved visualization: /Users/iminluv/Documents/New project/output_images/annotated_sau-rieng-nut-gai-1__flip_h_png_png.rf.70a2977e2f169fe886d0609dced6308b.jpg
------------------------------------------------------------
[54/138] Processing: benh-moc-trang-cay-sau-rieng-2048x1365__crop_bright_jpg.rf.351d770c92d46592e27e36931190a3d6.jpg
  Expected classes: ['fungus']
  Hit: True
  Hit Classes: ['fungus']
  API Runtime: 0.720 seconds
  Predictions: fungus (0.88)
  Saved visualization: /Users/iminluv/Documents/New project/output_images/annotated_benh-moc-trang-cay-sau-rieng-2048x1365__crop_bright_jpg.rf.351d770c92d46592e27e36931190a3d6.jpg
------------------------------------------------------------
[55/138] Processing: maxresdefault__crop_jpg.rf.45819370aabd59df01b650b42b2fb566.jpg
  Expected classes: ['fungus']
  Hit: True
  Hit Classes: ['fungus']
  API Runtime: 0.710 seconds
  Predictions: fungus (0.89)
  Saved visualization: /Users/iminluv/Documents/New project/output_images/annotated_maxresdefault__crop_jpg.rf.45819370aabd59df01b650b42b2fb566.jpg
------------------------------------------------------------
[56/138] Processing: JHLKHJG_jpeg_jpg.rf.3828f81821fdc3839a10c2586f8c3d21.jpg
  Expected classes: ['dark_spot']
  Hit: True
  Hit Classes: ['dark_spot']
  API Runtime: 2.058 seconds
  Predictions: dark_spot (0.75)
  Saved visualization: /Users/iminluv/Documents/New project/output_images/annotated_JHLKHJG_jpeg_jpg.rf.3828f81821fdc3839a10c2586f8c3d21.jpg
------------------------------------------------------------
[57/138] Processing: 6049__contrast_down_png_png.rf.74410fc0deb9126cbd09470aeb5b1646.jpg
  Expected classes: ['dark_spot']
  Hit: False
  Hit Classes: []
  Missed Classes: ['dark_spot']
  API Runtime: 0.799 seconds
  Predictions: thorn_split (0.93)
  Saved visualization: /Users/iminluv/Documents/New project/output_images/annotated_6049__contrast_down_png_png.rf.74410fc0deb9126cbd09470aeb5b1646.jpg
------------------------------------------------------------
[58/138] Processing: benh-thoi-trai-sau-rieng-3__noise_png_png.rf.2d63676f4cb0ec1b4c7699bfa7254ddc.jpg
  Expected classes: ['fungus']
  Hit: True
  Hit Classes: ['fungus']
  API Runtime: 0.629 seconds
  Predictions: fungus (0.94)
  Saved visualization: /Users/iminluv/Documents/New project/output_images/annotated_benh-thoi-trai-sau-rieng-3__noise_png_png.rf.2d63676f4cb0ec1b4c7699bfa7254ddc.jpg
------------------------------------------------------------
[59/138] Processing: maxresdefault__flip_h_sharpen_jpg.rf.fd150221d0931d51da1162220f3c73c8.jpg
  Expected classes: ['thorn_split']
  Hit: True
  Hit Classes: ['thorn_split']
  API Runtime: 1.064 seconds
  Predictions: thorn_split (0.82), thorn_split (0.63), thorn_split (0.59)
  Saved visualization: /Users/iminluv/Documents/New project/output_images/annotated_maxresdefault__flip_h_sharpen_jpg.rf.fd150221d0931d51da1162220f3c73c8.jpg
------------------------------------------------------------
[60/138] Processing: rotated_fugus_durian28_jpg.rf.9a53070d54a17d5c54493e126f258c89.jpg
  Expected classes: ['dark_spot']
  Hit: True
  Hit Classes: ['dark_spot']
  API Runtime: 0.673 seconds
  Predictions: dark_spot (0.85)
  Saved visualization: /Users/iminluv/Documents/New project/output_images/annotated_rotated_fugus_durian28_jpg.rf.9a53070d54a17d5c54493e126f258c89.jpg
------------------------------------------------------------
[61/138] Processing: cach-khac-phuc-nut-gai-sau-rieng-toan-dien-4-2048x1536__rot90_noise_png_png.rf.9bbcff09ee89ea57bba136777516f4e5.jpg
  Expected classes: ['thorn_split']
  Hit: True
  Hit Classes: ['thorn_split']
  API Runtime: 1.121 seconds
  Predictions: thorn_split (0.89), thorn_split (0.61), thorn_split (0.48), thorn_split (0.46), thorn_split (0.44)
  Saved visualization: /Users/iminluv/Documents/New project/output_images/annotated_cach-khac-phuc-nut-gai-sau-rieng-toan-dien-4-2048x1536__rot90_noise_png_png.rf.9bbcff09ee89ea57bba136777516f4e5.jpg
------------------------------------------------------------
[62/138] Processing: 24-10-2023_DSLR_CLASS3_30_JPG_jpg.rf.f2d6f8a82051b058a885a650dd0a3441.jpg
  Expected classes: ['dark_spot']
  Hit: True
  Hit Classes: ['dark_spot']
  API Runtime: 2.330 seconds
  Predictions: dark_spot (0.94)
  Saved visualization: /Users/iminluv/Documents/New project/output_images/annotated_24-10-2023_DSLR_CLASS3_30_JPG_jpg.rf.f2d6f8a82051b058a885a650dd0a3441.jpg
------------------------------------------------------------
[63/138] Processing: fugus_durian07_jpg.rf.9e8c9ff64b582d633872ebab76986df8.jpg
  Expected classes: ['fungus']
  Hit: True
  Hit Classes: ['fungus']
  API Runtime: 0.744 seconds
  Predictions: fungus (0.71), fungus (0.26)
  Saved visualization: /Users/iminluv/Documents/New project/output_images/annotated_fugus_durian07_jpg.rf.9e8c9ff64b582d633872ebab76986df8.jpg
------------------------------------------------------------
[64/138] Processing: Nut-trai-sr__equalize_crop_jpg.rf.43e2f7274259481e28439ec18e8a234a.jpg
  Expected classes: ['crack']
  Hit: True
  Hit Classes: ['crack']
  API Runtime: 0.821 seconds
  Predictions: crack (0.93)
  Saved visualization: /Users/iminluv/Documents/New project/output_images/annotated_Nut-trai-sr__equalize_crop_jpg.rf.43e2f7274259481e28439ec18e8a234a.jpg
------------------------------------------------------------
[65/138] Processing: rotated270_damage03_jpg.rf.0d44132d136d9e3908c3214512ae08c6.jpg
  Expected classes: ['crack']
  Hit: True
  Hit Classes: ['crack']
  API Runtime: 0.700 seconds
  Predictions: crack (0.94), crack (0.87), crack (0.68)
  Saved visualization: /Users/iminluv/Documents/New project/output_images/annotated_rotated270_damage03_jpg.rf.0d44132d136d9e3908c3214512ae08c6.jpg
------------------------------------------------------------
[66/138] Processing: fugus_durian27_jpg.rf.923d3e088a6e3224c045c12fc25d931d.jpg
  Expected classes: ['fungus']
  Hit: True
  Hit Classes: ['fungus']
  API Runtime: 0.570 seconds
  Predictions: fungus (0.82)
  Saved visualization: /Users/iminluv/Documents/New project/output_images/annotated_fugus_durian27_jpg.rf.923d3e088a6e3224c045c12fc25d931d.jpg
------------------------------------------------------------
[67/138] Processing: benh-moc-trang-cay-sau-rieng-2048x1365__flip_h_bright_jpg.rf.2341c484e52ea68435604cf6062ec6b1.jpg
  Expected classes: ['fungus']
  Hit: True
  Hit Classes: ['fungus']
  API Runtime: 0.683 seconds
  Predictions: fungus (0.79)
  Saved visualization: /Users/iminluv/Documents/New project/output_images/annotated_benh-moc-trang-cay-sau-rieng-2048x1365__flip_h_bright_jpg.rf.2341c484e52ea68435604cf6062ec6b1.jpg
------------------------------------------------------------
[68/138] Processing: image__color_jitter_png_png.rf.dfe934f500f3a00f2ec3a72c8ce90af1.jpg
  Expected classes: ['thorn_split']
  Hit: True
  Hit Classes: ['thorn_split']
  API Runtime: 0.688 seconds
  Predictions: thorn_split (0.95), thorn_split (0.94)
  Saved visualization: /Users/iminluv/Documents/New project/output_images/annotated_image__color_jitter_png_png.rf.dfe934f500f3a00f2ec3a72c8ce90af1.jpg
------------------------------------------------------------
[69/138] Processing: rep-sap-hai-sau-rieng-1__color_jitter_jpg.rf.cc3580d3882d6fee1ab7290441ecd78d.jpg
  Expected classes: ['fungus']
  Hit: True
  Hit Classes: ['fungus']
  API Runtime: 0.810 seconds
  Predictions: fungus (0.44)
  Saved visualization: /Users/iminluv/Documents/New project/output_images/annotated_rep-sap-hai-sau-rieng-1__color_jitter_jpg.rf.cc3580d3882d6fee1ab7290441ecd78d.jpg
------------------------------------------------------------
[70/138] Processing: 2009__cutout_jitter_png_png.rf.438dd444864704ccf54f04e484a46e92.jpg
  Expected classes: ['dark_spot']
  Hit: True
  Hit Classes: ['dark_spot']
  API Runtime: 1.156 seconds
  Predictions: dark_spot (0.76)
  Saved visualization: /Users/iminluv/Documents/New project/output_images/annotated_2009__cutout_jitter_png_png.rf.438dd444864704ccf54f04e484a46e92.jpg
------------------------------------------------------------
[71/138] Processing: rotated90_fugus_durian20_jpg.rf.10da86f36cf3d545bc59dab9a1f3b509.jpg
  Expected classes: ['fungus']
  Hit: True
  Hit Classes: ['fungus']
  API Runtime: 0.895 seconds
  Predictions: fungus (0.81)
  Saved visualization: /Users/iminluv/Documents/New project/output_images/annotated_rotated90_fugus_durian20_jpg.rf.10da86f36cf3d545bc59dab9a1f3b509.jpg
------------------------------------------------------------
[72/138] Processing: sau-rieng-bi-nut-cuon-nut-trai__flip_h_sharpen_png_png.rf.e64c27989e025f207f5f7d656cf6ac5e.jpg
  Expected classes: ['crack']
  Hit: True
  Hit Classes: ['crack']
  API Runtime: 0.812 seconds
  Predictions: crack (0.87), crack (0.77)
  Saved visualization: /Users/iminluv/Documents/New project/output_images/annotated_sau-rieng-bi-nut-cuon-nut-trai__flip_h_sharpen_png_png.rf.e64c27989e025f207f5f7d656cf6ac5e.jpg
------------------------------------------------------------
[73/138] Processing: AdobeStock_278892489_Preview-transformed_jpg.rf.ef013c8ae6a5e3a6f0edd3f8deaee6a7.jpg
  Expected classes: ['crack']
  Hit: True
  Hit Classes: ['crack']
  API Runtime: 0.677 seconds
  Predictions: crack (0.94)
  Saved visualization: /Users/iminluv/Documents/New project/output_images/annotated_AdobeStock_278892489_Preview-transformed_jpg.rf.ef013c8ae6a5e3a6f0edd3f8deaee6a7.jpg
------------------------------------------------------------
[74/138] Processing: 1_jpeg_jpg.rf.9a2d7604d43b643c3886e96247008bb4.jpg
  Expected classes: ['dark_spot']
  Hit: True
  Hit Classes: ['dark_spot']
  API Runtime: 0.732 seconds
  Predictions: dark_spot (0.97)
  Saved visualization: /Users/iminluv/Documents/New project/output_images/annotated_1_jpeg_jpg.rf.9a2d7604d43b643c3886e96247008bb4.jpg
------------------------------------------------------------
[75/138] Processing: rotated270_fugus_durian34_jpg.rf.069296a932f10b48364b182266217fa5.jpg
  Expected classes: ['dark_spot', 'fungus']
  Hit: True
  Hit Classes: ['dark_spot', 'fungus']
  API Runtime: 0.663 seconds
  Predictions: fungus (0.95), dark_spot (0.78), dark_spot (0.51)
  Saved visualization: /Users/iminluv/Documents/New project/output_images/annotated_rotated270_fugus_durian34_jpg.rf.069296a932f10b48364b182266217fa5.jpg
------------------------------------------------------------
[76/138] Processing: rotated_damage45_jpg.rf.31e53f1e938688f2228606d54301148f.jpg
  Expected classes: ['crack']
  Hit: True
  Hit Classes: ['crack']
  API Runtime: 0.924 seconds
  Predictions: crack (0.96)
  Saved visualization: /Users/iminluv/Documents/New project/output_images/annotated_rotated_damage45_jpg.rf.31e53f1e938688f2228606d54301148f.jpg
------------------------------------------------------------
[77/138] Processing: damage14_jpg.rf.9bc7c3d09c739652a0255d0e39de5435.jpg
  Expected classes: ['crack']
  Hit: True
  Hit Classes: ['crack']
  API Runtime: 1.698 seconds
  Predictions: crack (0.84)
  Saved visualization: /Users/iminluv/Documents/New project/output_images/annotated_damage14_jpg.rf.9bc7c3d09c739652a0255d0e39de5435.jpg
------------------------------------------------------------
[78/138] Processing: rotated270_fugus_durian55_jpg.rf.6742378daf5fac9582645d7ebcce0426.jpg
  Expected classes: ['dark_spot', 'fungus']
  Hit: True
  Hit Classes: ['dark_spot', 'fungus']
  API Runtime: 0.921 seconds
  Predictions: fungus (0.79), fungus (0.69)
  Saved visualization: /Users/iminluv/Documents/New project/output_images/annotated_rotated270_fugus_durian55_jpg.rf.6742378daf5fac9582645d7ebcce0426.jpg
------------------------------------------------------------
[79/138] Processing: fugus_durian31_jpg.rf.017b6c651dca0de3aec1ce6bdd00b02b.jpg
  Expected classes: ['fungus']
  Hit: True
  Hit Classes: ['fungus']
  API Runtime: 0.815 seconds
  Predictions: fungus (0.91)
  Saved visualization: /Users/iminluv/Documents/New project/output_images/annotated_fugus_durian31_jpg.rf.017b6c651dca0de3aec1ce6bdd00b02b.jpg
------------------------------------------------------------
[80/138] Processing: rotated_damage40_jpg.rf.ef21e208cff550568cc1918688a443c2.jpg
  Expected classes: ['crack']
  Hit: True
  Hit Classes: ['crack']
  API Runtime: 0.615 seconds
  Predictions: crack (0.74)
  Saved visualization: /Users/iminluv/Documents/New project/output_images/annotated_rotated_damage40_jpg.rf.ef21e208cff550568cc1918688a443c2.jpg
------------------------------------------------------------
[81/138] Processing: sauriengchin0-1-__sharpen_edge_jpg.rf.ee985cc9892dfbf8e5eb01a2f821bc5d.jpg
  Expected classes: ['crack']
  Hit: True
  Hit Classes: ['crack']
  API Runtime: 0.606 seconds
  Predictions: crack (0.91)
  Saved visualization: /Users/iminluv/Documents/New project/output_images/annotated_sauriengchin0-1-__sharpen_edge_jpg.rf.ee985cc9892dfbf8e5eb01a2f821bc5d.jpg
------------------------------------------------------------
[82/138] Processing: damage40_jpg.rf.d3afe037cd43c6264c8373f17b516313.jpg
  Expected classes: ['crack']
  Hit: True
  Hit Classes: ['crack']
  API Runtime: 0.717 seconds
  Predictions: crack (0.87), crack (0.46)
  Saved visualization: /Users/iminluv/Documents/New project/output_images/annotated_damage40_jpg.rf.d3afe037cd43c6264c8373f17b516313.jpg
------------------------------------------------------------
[83/138] Processing: rotated90_fugus_durian16_jpg.rf.5238ba47c6d0074a6b873053ff57a006.jpg
  Expected classes: ['dark_spot']
  Hit: True
  Hit Classes: ['dark_spot']
  API Runtime: 1.113 seconds
  Predictions: dark_spot (0.92)
  Saved visualization: /Users/iminluv/Documents/New project/output_images/annotated_rotated90_fugus_durian16_jpg.rf.5238ba47c6d0074a6b873053ff57a006.jpg
------------------------------------------------------------
[84/138] Processing: afruitrot1a_jpg.rf.81fe12ef38695676dabfba8349538c6a.jpg
  Expected classes: ['fungus']
  Hit: False
  Hit Classes: []
  Missed Classes: ['fungus']
  API Runtime: 1.218 seconds
  Predictions: None
  Saved visualization: /Users/iminluv/Documents/New project/output_images/annotated_afruitrot1a_jpg.rf.81fe12ef38695676dabfba8349538c6a.jpg
------------------------------------------------------------
[85/138] Processing: benh-moc-trang-cay-sau-rieng-2048x1365__bright_down_jpg.rf.a85e9af9376aeb05f4dba79539331e9e.jpg
  Expected classes: ['fungus']
  Hit: True
  Hit Classes: ['fungus']
  API Runtime: 0.593 seconds
  Predictions: fungus (0.80), fungus (0.32)
  Saved visualization: /Users/iminluv/Documents/New project/output_images/annotated_benh-moc-trang-cay-sau-rieng-2048x1365__bright_down_jpg.rf.a85e9af9376aeb05f4dba79539331e9e.jpg
------------------------------------------------------------
[86/138] Processing: sauriengchin0__saturate_up_jpg.rf.14d1ec923e4c76e6f42ce00455c7f31b.jpg
  Expected classes: ['crack']
  Hit: True
  Hit Classes: ['crack']
  API Runtime: 0.751 seconds
  Predictions: crack (0.86)
  Saved visualization: /Users/iminluv/Documents/New project/output_images/annotated_sauriengchin0__saturate_up_jpg.rf.14d1ec923e4c76e6f42ce00455c7f31b.jpg
------------------------------------------------------------
[87/138] Processing: rotated270_fugus_durian56_jpeg.rf.c31d805269d3e493070fae9ddb43d60d.jpg
  Expected classes: ['fungus']
  Hit: False
  Hit Classes: []
  Missed Classes: ['fungus']
  API Runtime: 0.957 seconds
  Predictions: None
  Saved visualization: /Users/iminluv/Documents/New project/output_images/annotated_rotated270_fugus_durian56_jpeg.rf.c31d805269d3e493070fae9ddb43d60d.jpg
------------------------------------------------------------
[88/138] Processing: unnamed-2-__rot_small_noise_jpg.rf.c07f2b008df9c7b759820c462614f0f2.jpg
  Expected classes: ['crack']
  Hit: True
  Hit Classes: ['crack']
  API Runtime: 1.195 seconds
  Predictions: crack (0.88)
  Saved visualization: /Users/iminluv/Documents/New project/output_images/annotated_unnamed-2-__rot_small_noise_jpg.rf.c07f2b008df9c7b759820c462614f0f2.jpg
------------------------------------------------------------
[89/138] Processing: rotated90_damage15_jpg.rf.3605924de76dcd05ca4d55ca0e5f1930.jpg
  Expected classes: ['crack']
  Hit: True
  Hit Classes: ['crack']
  API Runtime: 0.713 seconds
  Predictions: crack (0.94), crack (0.91), crack (0.89), crack (0.76), crack (0.49)
  Saved visualization: /Users/iminluv/Documents/New project/output_images/annotated_rotated90_damage15_jpg.rf.3605924de76dcd05ca4d55ca0e5f1930.jpg
------------------------------------------------------------
[90/138] Processing: rotated_damage49_jpg.rf.1d73104f607c16c6a6944d8ecf61c1fc.jpg
  Expected classes: ['crack']
  Hit: True
  Hit Classes: ['crack']
  API Runtime: 0.605 seconds
  Predictions: crack (0.97)
  Saved visualization: /Users/iminluv/Documents/New project/output_images/annotated_rotated_damage49_jpg.rf.1d73104f607c16c6a6944d8ecf61c1fc.jpg
------------------------------------------------------------
[91/138] Processing: nam-trai-sau-rieng-1024x577_original_jpg.rf.847d2fe7b1d99cd95b8e70ac03a0faa7.jpg
  Expected classes: ['fungus']
  Hit: True
  Hit Classes: ['fungus']
  API Runtime: 0.719 seconds
  Predictions: fungus (0.80), fungus (0.73), fungus (0.44)
  Saved visualization: /Users/iminluv/Documents/New project/output_images/annotated_nam-trai-sau-rieng-1024x577_original_jpg.rf.847d2fe7b1d99cd95b8e70ac03a0faa7.jpg
------------------------------------------------------------
[92/138] Processing: 491925428_9619521618156943_4914526226572436238_n-768x1024__sharpen_jpg.rf.5fb9ea303b13cfc74f4d1209f04a2319.jpg
  Expected classes: ['thorn_split']
  Hit: True
  Hit Classes: ['thorn_split']
  API Runtime: 0.756 seconds
  Predictions: thorn_split (0.95), thorn_split (0.79)
  Saved visualization: /Users/iminluv/Documents/New project/output_images/annotated_491925428_9619521618156943_4914526226572436238_n-768x1024__sharpen_jpg.rf.5fb9ea303b13cfc74f4d1209f04a2319.jpg
------------------------------------------------------------
[93/138] Processing: rotated90_fugus_durian36_jpg.rf.96df20be427ad652c4127703e5fa68da.jpg
  Expected classes: ['fungus']
  Hit: True
  Hit Classes: ['fungus']
  API Runtime: 0.674 seconds
  Predictions: fungus (0.94)
  Saved visualization: /Users/iminluv/Documents/New project/output_images/annotated_rotated90_fugus_durian36_jpg.rf.96df20be427ad652c4127703e5fa68da.jpg
------------------------------------------------------------
[94/138] Processing: rotated90_fugus_durian50_jpg.rf.b6b7f77f6a29626a7d373c7539b9e48a.jpg
  Expected classes: ['dark_spot', 'fungus']
  Hit: True
  Hit Classes: ['dark_spot', 'fungus']
  API Runtime: 0.674 seconds
  Predictions: fungus (0.90)
  Saved visualization: /Users/iminluv/Documents/New project/output_images/annotated_rotated90_fugus_durian50_jpg.rf.b6b7f77f6a29626a7d373c7539b9e48a.jpg
------------------------------------------------------------
[95/138] Processing: maxresdefault__sharpen_jpg.rf.f63586a7e05c3969fd04b943551fe9ba.jpg
  Expected classes: ['fungus']
  Hit: True
  Hit Classes: ['fungus']
  API Runtime: 0.653 seconds
  Predictions: fungus (0.85)
  Saved visualization: /Users/iminluv/Documents/New project/output_images/annotated_maxresdefault__sharpen_jpg.rf.f63586a7e05c3969fd04b943551fe9ba.jpg
------------------------------------------------------------
[96/138] Processing: rotated90_damage04_jpg.rf.8364798a8a65fd8807df9cd7c3c682b9.jpg
  Expected classes: ['crack']
  Hit: True
  Hit Classes: ['crack']
  API Runtime: 0.706 seconds
  Predictions: crack (0.75)
  Saved visualization: /Users/iminluv/Documents/New project/output_images/annotated_rotated90_damage04_jpg.rf.8364798a8a65fd8807df9cd7c3c682b9.jpg
------------------------------------------------------------
[97/138] Processing: unnamed-1-__rot270_jpg.rf.2a9cde41edec6da948bd3b5aa0631316.jpg
  Expected classes: ['crack']
  Hit: True
  Hit Classes: ['crack']
  API Runtime: 0.827 seconds
  Predictions: crack (0.94), crack (0.93), crack (0.92)
  Saved visualization: /Users/iminluv/Documents/New project/output_images/annotated_unnamed-1-__rot270_jpg.rf.2a9cde41edec6da948bd3b5aa0631316.jpg
------------------------------------------------------------
[98/138] Processing: rep-sap-hai-sau-rieng-1_original_jpg.rf.3c0817bfff454a4a04eca5120019f2af.jpg
  Expected classes: ['fungus']
  Hit: True
  Hit Classes: ['fungus']
  API Runtime: 0.710 seconds
  Predictions: fungus (0.39), fungus (0.38), fungus (0.29)
  Saved visualization: /Users/iminluv/Documents/New project/output_images/annotated_rep-sap-hai-sau-rieng-1_original_jpg.rf.3c0817bfff454a4a04eca5120019f2af.jpg
------------------------------------------------------------
[99/138] Processing: rotated270_fugus_durian19_jpg.rf.1a5f3ea73fa64a52805ec72816adc451.jpg
  Expected classes: ['dark_spot']
  Hit: True
  Hit Classes: ['dark_spot']
  API Runtime: 0.817 seconds
  Predictions: dark_spot (0.90)
  Saved visualization: /Users/iminluv/Documents/New project/output_images/annotated_rotated270_fugus_durian19_jpg.rf.1a5f3ea73fa64a52805ec72816adc451.jpg
------------------------------------------------------------
[100/138] Processing: rep-sap-hai-sau-rieng-1__cutout_jitter_jpg.rf.24002253bbcd4b02275ba6d6388054ea.jpg
  Expected classes: ['fungus']
  Hit: True
  Hit Classes: ['fungus']
  API Runtime: 0.709 seconds
  Predictions: fungus (0.86), fungus (0.72)
  Saved visualization: /Users/iminluv/Documents/New project/output_images/annotated_rep-sap-hai-sau-rieng-1__cutout_jitter_jpg.rf.24002253bbcd4b02275ba6d6388054ea.jpg
------------------------------------------------------------
[101/138] Processing: rotated90_damage19_jpg.rf.cedba795859d8c3a8087e9b5c5d14150.jpg
  Expected classes: ['crack']
  Hit: True
  Hit Classes: ['crack']
  API Runtime: 0.720 seconds
  Predictions: crack (0.95), crack (0.63)
  Saved visualization: /Users/iminluv/Documents/New project/output_images/annotated_rotated90_damage19_jpg.rf.cedba795859d8c3a8087e9b5c5d14150.jpg
------------------------------------------------------------
[102/138] Processing: rotated_damage53_jpg.rf.911de0bab51ad8256047176d76481301.jpg
  Expected classes: ['crack']
  Hit: True
  Hit Classes: ['crack']
  API Runtime: 0.709 seconds
  Predictions: crack (0.93)
  Saved visualization: /Users/iminluv/Documents/New project/output_images/annotated_rotated_damage53_jpg.rf.911de0bab51ad8256047176d76481301.jpg
------------------------------------------------------------
[103/138] Processing: cach-khac-phuc-nut-gai-sau-rieng-toan-dien-1-1-__flip_h_sharpen_png_png.rf.c6a17882dd8294cb5713fb50340f65cb.jpg
  Expected classes: ['thorn_split']
  Hit: True
  Hit Classes: ['thorn_split']
  API Runtime: 0.722 seconds
  Predictions: thorn_split (0.94), thorn_split (0.82), thorn_split (0.73), thorn_split (0.71), thorn_split (0.53)
  Saved visualization: /Users/iminluv/Documents/New project/output_images/annotated_cach-khac-phuc-nut-gai-sau-rieng-toan-dien-1-1-__flip_h_sharpen_png_png.rf.c6a17882dd8294cb5713fb50340f65cb.jpg
------------------------------------------------------------
[104/138] Processing: Screenshot-2024-03-22-163625_jpg.rf.e62624bc9a8c6925120c22aa4feae8a7.jpg
  Expected classes: ['dark_spot']
  Hit: True
  Hit Classes: ['dark_spot']
  API Runtime: 0.776 seconds
  Predictions: dark_spot (0.95), dark_spot (0.89)
  Saved visualization: /Users/iminluv/Documents/New project/output_images/annotated_Screenshot-2024-03-22-163625_jpg.rf.e62624bc9a8c6925120c22aa4feae8a7.jpg
------------------------------------------------------------
[105/138] Processing: 695_jpg.rf.0873e02a31f4a3964c14a7c5d8444552.jpg
  Expected classes: ['dark_spot']
  Hit: True
  Hit Classes: ['dark_spot']
  API Runtime: 0.799 seconds
  Predictions: dark_spot (0.94)
  Saved visualization: /Users/iminluv/Documents/New project/output_images/annotated_695_jpg.rf.0873e02a31f4a3964c14a7c5d8444552.jpg
------------------------------------------------------------
[106/138] Processing: rotated_damage39_jpg.rf.f0aba0630f8b4c876d155ec55c8dad31.jpg
  Expected classes: ['crack']
  Hit: True
  Hit Classes: ['crack']
  API Runtime: 0.751 seconds
  Predictions: crack (0.85)
  Saved visualization: /Users/iminluv/Documents/New project/output_images/annotated_rotated_damage39_jpg.rf.f0aba0630f8b4c876d155ec55c8dad31.jpg
------------------------------------------------------------
[107/138] Processing: tinh-trang-be-gai-tren-trai-sau-rieng-01-scaled__equalize_crop_jpg.rf.db32881878cd8d849ae7d920e7f4c7e6.jpg
  Expected classes: ['thorn_split']
  Hit: False
  Hit Classes: []
  Missed Classes: ['thorn_split']
  API Runtime: 0.712 seconds
  Predictions: None
  Saved visualization: /Users/iminluv/Documents/New project/output_images/annotated_tinh-trang-be-gai-tren-trai-sau-rieng-01-scaled__equalize_crop_jpg.rf.db32881878cd8d849ae7d920e7f4c7e6.jpg
------------------------------------------------------------
[108/138] Processing: damage26_jpg.rf.bb9587a076c52e5f1e276d76c9fd86a7.jpg
  Expected classes: ['crack']
  Hit: True
  Hit Classes: ['crack']
  API Runtime: 1.137 seconds
  Predictions: crack (0.95), crack (0.93), crack (0.89)
  Saved visualization: /Users/iminluv/Documents/New project/output_images/annotated_damage26_jpg.rf.bb9587a076c52e5f1e276d76c9fd86a7.jpg
------------------------------------------------------------
[109/138] Processing: rotated90_damage24_jpg.rf.2b1cfed6a85d5f69da6585916954a3ad.jpg
  Expected classes: ['crack']
  Hit: True
  Hit Classes: ['crack']
  API Runtime: 0.611 seconds
  Predictions: crack (0.91), crack (0.75)
  Saved visualization: /Users/iminluv/Documents/New project/output_images/annotated_rotated90_damage24_jpg.rf.2b1cfed6a85d5f69da6585916954a3ad.jpg
------------------------------------------------------------
[110/138] Processing: Screenshot-2024-03-22-163513_jpg.rf.7643d7ecad8189a3eeedc651488afbc2.jpg
  Expected classes: ['crack']
  Hit: True
  Hit Classes: ['crack']
  API Runtime: 0.819 seconds
  Predictions: crack (0.96), crack (0.96), crack (0.95)
  Saved visualization: /Users/iminluv/Documents/New project/output_images/annotated_Screenshot-2024-03-22-163513_jpg.rf.7643d7ecad8189a3eeedc651488afbc2.jpg
------------------------------------------------------------
[111/138] Processing: rotated90_damage52_jpg.rf.6f5ec9d49749a51efaeecac620adf0f2.jpg
  Expected classes: ['crack']
  Hit: True
  Hit Classes: ['crack']
  API Runtime: 0.714 seconds
  Predictions: crack (0.69), crack (0.67), crack (0.55)
  Saved visualization: /Users/iminluv/Documents/New project/output_images/annotated_rotated90_damage52_jpg.rf.6f5ec9d49749a51efaeecac620adf0f2.jpg
------------------------------------------------------------
[112/138] Processing: nam-bo-hong-hai-sau-rieng-kimnonggoldstar-vn-1__equalize_crop_jpg.rf.d8c954b231c3d8d1dd507771580091ef.jpg
  Expected classes: ['fungus']
  Hit: True
  Hit Classes: ['fungus']
  API Runtime: 0.730 seconds
  Predictions: fungus (0.89)
  Saved visualization: /Users/iminluv/Documents/New project/output_images/annotated_nam-bo-hong-hai-sau-rieng-kimnonggoldstar-vn-1__equalize_crop_jpg.rf.d8c954b231c3d8d1dd507771580091ef.jpg
------------------------------------------------------------
[113/138] Processing: 2009__flip_v_png_png.rf.8e4707e0966001ad9e3bbb493c4f7626.jpg
  Expected classes: ['dark_spot']
  Hit: True
  Hit Classes: ['dark_spot']
  API Runtime: 1.205 seconds
  Predictions: dark_spot (0.87)
  Saved visualization: /Users/iminluv/Documents/New project/output_images/annotated_2009__flip_v_png_png.rf.8e4707e0966001ad9e3bbb493c4f7626.jpg
------------------------------------------------------------
[114/138] Processing: 6044__gamma_flip_png_png.rf.baa9ceae93e95de0dfcc7526aa39b1f2.jpg
  Expected classes: ['dark_spot']
  Hit: False
  Hit Classes: []
  Missed Classes: ['dark_spot']
  API Runtime: 0.594 seconds
  Predictions: thorn_split (0.86)
  Saved visualization: /Users/iminluv/Documents/New project/output_images/annotated_6044__gamma_flip_png_png.rf.baa9ceae93e95de0dfcc7526aa39b1f2.jpg
------------------------------------------------------------
[115/138] Processing: maxresdefault__noise_jpg.rf.5dc2ef1e285797abf258270bf7e2a9ff.jpg
  Expected classes: ['fungus']
  Hit: True
  Hit Classes: ['fungus']
  API Runtime: 0.653 seconds
  Predictions: fungus (0.85)
  Saved visualization: /Users/iminluv/Documents/New project/output_images/annotated_maxresdefault__noise_jpg.rf.5dc2ef1e285797abf258270bf7e2a9ff.jpg
------------------------------------------------------------
[116/138] Processing: maxresdefault__grayscale_jpg.rf.058204b2ffb11a6da9da15021c4133e2.jpg
  Expected classes: ['fungus']
  Hit: True
  Hit Classes: ['fungus']
  API Runtime: 1.205 seconds
  Predictions: fungus (0.87)
  Saved visualization: /Users/iminluv/Documents/New project/output_images/annotated_maxresdefault__grayscale_jpg.rf.058204b2ffb11a6da9da15021c4133e2.jpg
------------------------------------------------------------
[117/138] Processing: rotated_fugus_durian44_jpg.rf.2725a115305f48445b50cea9e56bfd60.jpg
  Expected classes: ['dark_spot']
  Hit: True
  Hit Classes: ['dark_spot']
  API Runtime: 0.717 seconds
  Predictions: fungus (0.54), fungus (0.29)
  Saved visualization: /Users/iminluv/Documents/New project/output_images/annotated_rotated_fugus_durian44_jpg.rf.2725a115305f48445b50cea9e56bfd60.jpg
------------------------------------------------------------
[118/138] Processing: OIP-1-__perspective_flip_jpeg_jpeg.rf.f45d9e4a3735079724fb5b1ea78e1a9c.jpg
  Expected classes: ['fungus']
  Hit: True
  Hit Classes: ['fungus']
  API Runtime: 0.683 seconds
  Predictions: fungus (0.93), fungus (0.84)
  Saved visualization: /Users/iminluv/Documents/New project/output_images/annotated_OIP-1-__perspective_flip_jpeg_jpeg.rf.f45d9e4a3735079724fb5b1ea78e1a9c.jpg
------------------------------------------------------------
[119/138] Processing: rotated_fugus_durian20_jpg.rf.2ba596e428cad9f1e49d1cdda549335a.jpg
  Expected classes: ['fungus']
  Hit: True
  Hit Classes: ['fungus']
  API Runtime: 0.645 seconds
  Predictions: fungus (0.92)
  Saved visualization: /Users/iminluv/Documents/New project/output_images/annotated_rotated_fugus_durian20_jpg.rf.2ba596e428cad9f1e49d1cdda549335a.jpg
------------------------------------------------------------
[120/138] Processing: fugus_durian20_jpg.rf.e8c950e9549beacd129f7d1e8ac01b98.jpg
  Expected classes: ['fungus']
  Hit: True
  Hit Classes: ['fungus']
  API Runtime: 0.717 seconds
  Predictions: fungus (0.92)
  Saved visualization: /Users/iminluv/Documents/New project/output_images/annotated_fugus_durian20_jpg.rf.e8c950e9549beacd129f7d1e8ac01b98.jpg
------------------------------------------------------------
[121/138] Processing: damage03_jpg.rf.73804fcdec7470a78f015689e407200d.jpg
  Expected classes: ['crack']
  Hit: True
  Hit Classes: ['crack']
  API Runtime: 0.706 seconds
  Predictions: crack (0.94), crack (0.94), crack (0.87)
  Saved visualization: /Users/iminluv/Documents/New project/output_images/annotated_damage03_jpg.rf.73804fcdec7470a78f015689e407200d.jpg
------------------------------------------------------------
[122/138] Processing: image__bright_up_png_png.rf.27de85d50040de8d4f14b897194260a9.jpg
  Expected classes: ['thorn_split']
  Hit: True
  Hit Classes: ['thorn_split']
  API Runtime: 1.194 seconds
  Predictions: thorn_split (0.95), thorn_split (0.94)
  Saved visualization: /Users/iminluv/Documents/New project/output_images/annotated_image__bright_up_png_png.rf.27de85d50040de8d4f14b897194260a9.jpg
------------------------------------------------------------
[123/138] Processing: cach-khac-phuc-nut-gai-sau-rieng-toan-dien-1-600x450__blur_bright_png_png.rf.d3816f190de92e8a651c4f0b43d36678.jpg
  Expected classes: ['thorn_split']
  Hit: True
  Hit Classes: ['thorn_split']
  API Runtime: 0.592 seconds
  Predictions: thorn_split (0.83), thorn_split (0.81), thorn_split (0.81), thorn_split (0.54)
  Saved visualization: /Users/iminluv/Documents/New project/output_images/annotated_cach-khac-phuc-nut-gai-sau-rieng-toan-dien-1-600x450__blur_bright_png_png.rf.d3816f190de92e8a651c4f0b43d36678.jpg
------------------------------------------------------------
[124/138] Processing: 491925428_9619521618156943_4914526226572436238_n-768x1024__flip_h_jpg.rf.c88bcce1c4a23e4e2842e81de5540179.jpg
  Expected classes: ['thorn_split']
  Hit: True
  Hit Classes: ['thorn_split']
  API Runtime: 0.707 seconds
  Predictions: thorn_split (0.94)
  Saved visualization: /Users/iminluv/Documents/New project/output_images/annotated_491925428_9619521618156943_4914526226572436238_n-768x1024__flip_h_jpg.rf.c88bcce1c4a23e4e2842e81de5540179.jpg
------------------------------------------------------------
[125/138] Processing: maxresdefault__flip_h_sharpen_jpg.rf.14ba098478333e769b082115243fa165.jpg
  Expected classes: ['fungus']
  Hit: True
  Hit Classes: ['fungus']
  API Runtime: 0.669 seconds
  Predictions: fungus (0.89)
  Saved visualization: /Users/iminluv/Documents/New project/output_images/annotated_maxresdefault__flip_h_sharpen_jpg.rf.14ba098478333e769b082115243fa165.jpg
------------------------------------------------------------
[126/138] Processing: fugus_durian49_jpg.rf.34e9e4038ff4d47d5251b54a76c8dcd0.jpg
  Expected classes: ['dark_spot']
  Hit: True
  Hit Classes: ['dark_spot']
  API Runtime: 0.722 seconds
  Predictions: dark_spot (0.96)
  Saved visualization: /Users/iminluv/Documents/New project/output_images/annotated_fugus_durian49_jpg.rf.34e9e4038ff4d47d5251b54a76c8dcd0.jpg
------------------------------------------------------------
[127/138] Processing: rotated_fugus_durian30_jpg.rf.b82c50420cb329a696445d84291d88bc.jpg
  Expected classes: ['dark_spot']
  Hit: True
  Hit Classes: ['dark_spot']
  API Runtime: 0.720 seconds
  Predictions: dark_spot (0.81)
  Saved visualization: /Users/iminluv/Documents/New project/output_images/annotated_rotated_fugus_durian30_jpg.rf.b82c50420cb329a696445d84291d88bc.jpg
------------------------------------------------------------
[128/138] Processing: rotated270_fugus_durian42_jpg.rf.0ff20ef96e9fde6a03de13f09af75d53.jpg
  Expected classes: ['fungus']
  Hit: True
  Hit Classes: ['fungus']
  API Runtime: 0.702 seconds
  Predictions: fungus (0.80)
  Saved visualization: /Users/iminluv/Documents/New project/output_images/annotated_rotated270_fugus_durian42_jpg.rf.0ff20ef96e9fde6a03de13f09af75d53.jpg
------------------------------------------------------------
[129/138] Processing: 2014__blur_bright_png_png.rf.5d5478eb4113744d2e6c8a913d2cb883.jpg
  Expected classes: ['dark_spot']
  Hit: False
  Hit Classes: []
  Missed Classes: ['dark_spot']
  API Runtime: 0.609 seconds
  Predictions: None
  Saved visualization: /Users/iminluv/Documents/New project/output_images/annotated_2014__blur_bright_png_png.rf.5d5478eb4113744d2e6c8a913d2cb883.jpg
------------------------------------------------------------
[130/138] Processing: rotated270_fugus_durian36_jpg.rf.1d9515e7325f4db7b2dcef7abe2278d5.jpg
  Expected classes: ['fungus']
  Hit: True
  Hit Classes: ['fungus']
  API Runtime: 0.666 seconds
  Predictions: fungus (0.54), fungus (0.45)
  Saved visualization: /Users/iminluv/Documents/New project/output_images/annotated_rotated270_fugus_durian36_jpg.rf.1d9515e7325f4db7b2dcef7abe2278d5.jpg
------------------------------------------------------------
[131/138] Processing: rep-sap-hai-sau-rieng-1__perspective_flip_jpg.rf.8760c0045abede288af0c8e6b9d48a5e.jpg
  Expected classes: ['fungus']
  Hit: True
  Hit Classes: ['fungus']
  API Runtime: 0.667 seconds
  Predictions: fungus (0.84)
  Saved visualization: /Users/iminluv/Documents/New project/output_images/annotated_rep-sap-hai-sau-rieng-1__perspective_flip_jpg.rf.8760c0045abede288af0c8e6b9d48a5e.jpg
------------------------------------------------------------
[132/138] Processing: rotated270_damage56_jpg.rf.586560b72f4373e7463d2998c217de9e.jpg
  Expected classes: ['crack']
  Hit: True
  Hit Classes: ['crack']
  API Runtime: 0.626 seconds
  Predictions: crack (0.94)
  Saved visualization: /Users/iminluv/Documents/New project/output_images/annotated_rotated270_damage56_jpg.rf.586560b72f4373e7463d2998c217de9e.jpg
------------------------------------------------------------
[133/138] Processing: rotated270_damage14_jpg.rf.eba99fe95b78279d6c9b07fea5658274.jpg
  Expected classes: ['crack']
  Hit: True
  Hit Classes: ['crack']
  API Runtime: 0.805 seconds
  Predictions: crack (0.92)
  Saved visualization: /Users/iminluv/Documents/New project/output_images/annotated_rotated270_damage14_jpg.rf.eba99fe95b78279d6c9b07fea5658274.jpg
------------------------------------------------------------
[134/138] Processing: JH-JIH_jpeg_jpg.rf.514af5eecb61de14cbef64e87193a961.jpg
  Expected classes: ['dark_spot', 'fungus']
  Hit: True
  Hit Classes: ['dark_spot', 'fungus']
  API Runtime: 0.772 seconds
  Predictions: fungus (0.84), fungus (0.74)
  Saved visualization: /Users/iminluv/Documents/New project/output_images/annotated_JH-JIH_jpeg_jpg.rf.514af5eecb61de14cbef64e87193a961.jpg
------------------------------------------------------------
[135/138] Processing: images-1-_jpg.rf.ad2c50984843aa8492f8e1285c9a9842.jpg
  Expected classes: ['crack']
  Hit: True
  Hit Classes: ['crack']
  API Runtime: 0.758 seconds
  Predictions: crack (0.93)
  Saved visualization: /Users/iminluv/Documents/New project/output_images/annotated_images-1-_jpg.rf.ad2c50984843aa8492f8e1285c9a9842.jpg
------------------------------------------------------------
[136/138] Processing: rotated_fugus_durian12_jpg.rf.18ac37b5ff3c43cd1f65031f3d5f1770.jpg
  Expected classes: ['fungus']
  Hit: True
  Hit Classes: ['fungus']
  API Runtime: 2.304 seconds
  Predictions: fungus (0.94)
  Saved visualization: /Users/iminluv/Documents/New project/output_images/annotated_rotated_fugus_durian12_jpg.rf.18ac37b5ff3c43cd1f65031f3d5f1770.jpg
------------------------------------------------------------
[137/138] Processing: rotated90_fugus_durian45_jpg.rf.1fc156d6f264c1becfd64fab5c80b480.jpg
  Expected classes: ['dark_spot']
  Hit: True
  Hit Classes: ['dark_spot']
  API Runtime: 0.753 seconds
  Predictions: dark_spot (0.76)
  Saved visualization: /Users/iminluv/Documents/New project/output_images/annotated_rotated90_fugus_durian45_jpg.rf.1fc156d6f264c1becfd64fab5c80b480.jpg
------------------------------------------------------------
[138/138] Processing: rotated90_damage47_jpg.rf.d7c9bd204ec939d02a2bfc25ce8fd843.jpg
  Expected classes: ['crack']
  Hit: True
  Hit Classes: ['crack']
  API Runtime: 0.566 seconds
  Predictions: crack (0.85), crack (0.54)
  Saved visualization: /Users/iminluv/Documents/New project/output_images/annotated_rotated90_damage47_jpg.rf.d7c9bd204ec939d02a2bfc25ce8fd843.jpg
------------------------------------------------------------

=== EVALUATION SUMMARY ===
Total Evaluated Images: 138
Total Hits:             130
Average Hit Rate:       94.20%
Average Runtime:        0.999 seconds per image
==========================
